<?xml version="1.0" encoding="utf-8"?><testsuites><testsuite name="pytest" errors="0" failures="0" skipped="0" tests="6" time="0.033" timestamp="2024-01-05T16:38:16.362855" hostname="fv-az1247-250"><testcase classname="tests.test_code" name="test_addition1" time="0.002" /><testcase classname="tests.test_code" name="test_addition2" time="0.001" /><testcase classname="tests.test_code" name="test_addition3" time="0.001" /><testcase classname="tests.test_code2" name="test_addition4" time="0.001" /><testcase classname="tests.test_code2" name="test_addition5" time="0.001" /><testcase classname="tests.test_code2" name="test_addition6" time="0.001" /></testsuite></testsuites>